Microchip MPLAB XC8 Compiler V2.40

Linker command line:

-W-3 \
  --edf=C:\Program Files\Microchip\xc8\v2.40\pic\dat\20220703182018_en.msgs \
  -cn -h+dist/default/production\ED2-Lab04-M.X.production.sym \
  --cmf=dist/default/production\ED2-Lab04-M.X.production.cmf -z -Q16F887 \
  -oC:\Users\Pablo\AppData\Local\Temp\xcAsb4s.4 --defsym=__MPLAB_BUILD=1 \
  --fixupoverflow=error \
  -Mdist/default/production/ED2-Lab04-M.X.production.map \
  --md=C:\Users\Pablo\AppData\Local\Temp\xcAsb4s.dat -E1 -ver=XC8 Compiler \
  --acfsm=1493 -ACODE=00h-07FFhx4 -ASTRCODE=00h-01FFFh -ASTRING=00h-0FFhx32 \
  -ACONST=00h-0FFhx32 -AENTRY=00h-0FFhx32 -ACOMMON=070h-07Fh \
  -ABANK0=020h-06Fh -ABANK1=0A0h-0EFh -ABANK2=0110h-016Fh \
  -ABANK3=0190h-01EFh -ARAM=020h-06Fh,0A0h-0EFh,0110h-016Fh,0190h-01EFh \
  -AABS1=020h-07Fh,0A0h-0EFh,0110h-016Fh,0190h-01EFh -ASFR0=00h-01Fh \
  -ASFR1=080h-09Fh -ASFR2=0100h-010Fh -ASFR3=0180h-018Fh \
  -ACONFIG=02007h-02008h -DCONFIG=2 -AIDLOC=02000h-02003h -DIDLOC=2 \
  -AEEDATA=00h-0FFh/02100h -peeprom_data=EEDATA -DEEDATA=2 -DCODE=2 \
  -DSTRCODE=2 -DSTRING=2 -DCONST=2 -DENTRY=2 \
  -preset_vec=00h,intentry,init,end_init -ppowerup=CODE -pcinit=CODE \
  -pfunctab=ENTRY -k C:\Users\Pablo\AppData\Local\Temp\xcAsb4s.o \
  dist/default/production\ED2-Lab04-M.X.production.o 

Object code version is 3.11

Machine type is 16F887



                Name                               Link     Load   Length Selector   Space Scale
C:\Users\Pablo\AppData\Local\Temp\xcAsb4s.o
                end_init                              0        0        3        0       0
                config                             2007     2007        2        0       4
                idloc                              2000     2000        4        0       5
dist/default/production\ED2-Lab04-M.X.production.o
                cinit                               7F2      7F2        E      FE4       0
                config                             2007     2007        2        0       4
                idloc                              2000     2000        4        0       5
                text38                             1AEA     1AEA        D     35D4       0
                text37                             1BCC     1BCC       2E     3798       0
                text36                             1AC3     1AC3        9     3586       0
                text35                             1ACC     1ACC        9     3598       0
                text34                             1AD5     1AD5        A     35AA       0
                text33                             1B16     1B16       22     362C       0
                text32                                A        A       1A       14       0
                text31                             1AF7     1AF7        D     35EE       0
                text30                             1E66     1E66       5D     3CCC       0
                text29                             1D25     1D25       46     3A4A       0
                text28                             1BFA     1BFA       33     37F4       0
                text27                             1C9F     1C9F       42     393E       0
                text26                             11CA     11CA      1D3     2394       0
                text25                             1F22     1F22       66     3E44       0
                text24                             1C2D     1C2D       38     385A       0
                text23                             1B38     1B38       24     3670       0
                text22                             1EC3     1EC3       5F     3D86       0
                text21                             1D6B     1D6B       4E     3AD6       0
                text20                              802      802       A2     1004       0
                text19                             1ADF     1ADF        B     35BE       0
                text18                             15A8     15A8      258     2B50       0
                text17                             1B5C     1B5C       24     36B8       0
                text16                             1F88     1F88       78     3F10       0
                text15                             1DB9     1DB9       54     3B72       0
                text14                             1B80     1B80       25     3700       0
                text13                              8A4      8A4       B8     1148       0
                text12                               24       24       B8       48       0
                text11                             1113     1113       B7     2226       0
                text10                             1BA5     1BA5       27     374A       0
                text9                               95C      95C      345     12B8       0
                text8                              1CE1     1CE1       44     39C2       0
                text7                              1C65     1C65       3A     38CA       0
                text6                              139D     139D      20B     273A       0
                text5                              1B04     1B04       12     3608       0
                text4                              10AA     10AA       69     2154       0
                text3                              1E0D     1E0D       59     3C1A       0
                text2                               CA1      CA1      35F     1942       0
                text1                               1B2      1B2      640      364       0
                maintext                             DC       DC       D6      1B8       0
                cstackBANK0                          20       20       4E       20       1
                cstackCOMMON                         70       70        E       70       1
                cstackBANK1                          A0       A0       27       A0       1
                bssBANK1                             C7       C7        8       A0       1
                strings                            1000     1000       AA     2000       0

TOTAL           Name                               Link     Load   Length     Space
        CLASS   CODE           
                end_init                              0        0        3         0
                cinit                               7F2      7F2        E         0
                text38                             1AEA     1AEA        D         0
                text37                             1BCC     1BCC       2E         0
                text36                             1AC3     1AC3        9         0
                text35                             1ACC     1ACC        9         0
                text34                             1AD5     1AD5        A         0
                text33                             1B16     1B16       22         0
                text32                                A        A       1A         0
                text31                             1AF7     1AF7        D         0
                text30                             1E66     1E66       5D         0
                text29                             1D25     1D25       46         0
                text28                             1BFA     1BFA       33         0
                text27                             1C9F     1C9F       42         0
                text26                             11CA     11CA      1D3         0
                text25                             1F22     1F22       66         0
                text24                             1C2D     1C2D       38         0
                text23                             1B38     1B38       24         0
                text22                             1EC3     1EC3       5F         0
                text21                             1D6B     1D6B       4E         0
                text20                              802      802       A2         0
                text19                             1ADF     1ADF        B         0
                text18                             15A8     15A8      258         0
                text17                             1B5C     1B5C       24         0
                text16                             1F88     1F88       78         0
                text15                             1DB9     1DB9       54         0
                text14                             1B80     1B80       25         0
                text13                              8A4      8A4       B8         0
                text12                               24       24       B8         0
                text11                             1113     1113       B7         0
                text10                             1BA5     1BA5       27         0
                text9                               95C      95C      345         0
                text8                              1CE1     1CE1       44         0
                text7                              1C65     1C65       3A         0
                text6                              139D     139D      20B         0
                text5                              1B04     1B04       12         0
                text4                              10AA     10AA       69         0
                text3                              1E0D     1E0D       59         0
                text2                               CA1      CA1      35F         0
                text1                               1B2      1B2      640         0
                maintext                             DC       DC       D6         0

        CLASS   STRCODE        

        CLASS   STRING         
                strings                            1000     1000       AA         0

        CLASS   CONST          

        CLASS   ENTRY          

        CLASS   COMMON         
                cstackCOMMON                         70       70        E         1

        CLASS   BANK0          
                cstackBANK0                          20       20       4E         1

        CLASS   BANK1          
                cstackBANK1                          A0       A0       27         1
                bssBANK1                             C7       C7        8         1

        CLASS   BANK2          

        CLASS   BANK3          

        CLASS   RAM            

        CLASS   ABS1           
                abs_s1                               7E       7E        2         1

        CLASS   SFR0           

        CLASS   SFR1           

        CLASS   SFR2           

        CLASS   SFR3           

        CLASS   CONFIG         
                config                             2007     2007        2         4

        CLASS   IDLOC          
                idloc                              2000     2000        4         5

        CLASS   EEDATA         

        CLASS   STACK          



SEGMENTS        Name                           Load    Length   Top    Selector   Space  Class     Delta

                reset_vec                      000000  000003  000003         0       0  CODE        2
                text32                         00000A  00001A  000024        14       0  CODE        2
                cstackBANK0                    000020  00004E  00006E        20       1  BANK0       1
                text12                         000024  0000B8  0000DC        48       0  CODE        2
                cstackCOMMON                   000070  00000E  00007E        70       1  COMMON      1
                cstackBANK1                    0000A0  00002F  0000CF        A0       1  BANK1       1
                maintext                       0000DC  0000D6  0001B2       1B8       0  CODE        2
                text1                          0001B2  000640  0007F2       364       0  CODE        2
                cinit                          0007F2  00000E  000800       FE4       0  CODE        2
                text20                         000802  0000A2  0008A4      1004       0  CODE        2
                text13                         0008A4  0000B8  00095C      1148       0  CODE        2
                text9                          00095C  000345  000CA1      12B8       0  CODE        2
                text2                          000CA1  00035F  001000      1942       0  CODE        2
                strings                        001000  0000AA  0010AA      2000       0  STRING      2
                text4                          0010AA  000069  001113      2154       0  CODE        2
                text11                         001113  0000B7  0011CA      2226       0  CODE        2
                text26                         0011CA  0001D3  00139D      2394       0  CODE        2
                text6                          00139D  00020B  0015A8      273A       0  CODE        2
                text18                         0015A8  000258  001800      2B50       0  CODE        2
                text36                         001AC3  000009  001ACC      3586       0  CODE        2
                text35                         001ACC  000009  001AD5      3598       0  CODE        2
                text34                         001AD5  00000A  001ADF      35AA       0  CODE        2
                text19                         001ADF  00000B  001AEA      35BE       0  CODE        2
                text38                         001AEA  00000D  001AF7      35D4       0  CODE        2
                text31                         001AF7  00000D  001B04      35EE       0  CODE        2
                text5                          001B04  000012  001B16      3608       0  CODE        2
                text33                         001B16  000022  001B38      362C       0  CODE        2
                text23                         001B38  000024  001B5C      3670       0  CODE        2
                text17                         001B5C  000024  001B80      36B8       0  CODE        2
                text14                         001B80  000025  001BA5      3700       0  CODE        2
                text10                         001BA5  000027  001BCC      374A       0  CODE        2
                text37                         001BCC  00002E  001BFA      3798       0  CODE        2
                text28                         001BFA  000033  001C2D      37F4       0  CODE        2
                text24                         001C2D  000038  001C65      385A       0  CODE        2
                text7                          001C65  00003A  001C9F      38CA       0  CODE        2
                text27                         001C9F  000042  001CE1      393E       0  CODE        2
                text8                          001CE1  000044  001D25      39C2       0  CODE        2
                text29                         001D25  000046  001D6B      3A4A       0  CODE        2
                text21                         001D6B  00004E  001DB9      3AD6       0  CODE        2
                text15                         001DB9  000054  001E0D      3B72       0  CODE        2
                text3                          001E0D  000059  001E66      3C1A       0  CODE        2
                text30                         001E66  00005D  001EC3      3CCC       0  CODE        2
                text22                         001EC3  00005F  001F22      3D86       0  CODE        2
                text25                         001F22  000066  001F88      3E44       0  CODE        2
                text16                         001F88  000078  002000      3F10       0  CODE        2


UNUSED ADDRESS RANGES

        Name                Unused          Largest block    Delta
        BANK0            006E-006F              2           1
        BANK1            00CF-00EF             21           1
        BANK2            0110-016F             60           1
        BANK3            0190-01EF             60           1
        CODE             0003-0009              7           2
                         0800-0801              2
                         1800-1AC2            2C3
        CONST            0003-0009              7           2
                         0800-0801              2
                         1800-1AC2            100
        EEDATA           2100-21FF            100           2
        ENTRY            0003-0009              7           2
                         0800-0801              2
                         1800-1AC2            100
        RAM              006E-006F              2           1
                         00CF-00EF             21
                         0110-016F             60
                         0190-01EF             60
        SFR0             0000-001F             20           1
        SFR1             0080-009F             20           1
        SFR2             0100-010F             10           1
        SFR3             0180-018F             10           1
        STRCODE          0003-0009              7           2
                         0800-0801              2
                         1800-1AC2            2C3
        STRING           0003-0009              7           2
                         0800-0801              2
                         1800-1AC2            100

                                  Symbol Table

?_I2C_Master_Read         cstackCOMMON 0070
?__Umul8_16               cstackCOMMON 0070
?___awdiv                 cstackCOMMON 0077
?___awmod                 cstackCOMMON 0070
?___fladd                 cstackBANK0  0052
?___fldiv                 cstackBANK0  003E
?___flmul                 cstackBANK0  0024
?___flneg                 cstackCOMMON 0070
?___flsub                 cstackBANK0  0066
?___fltol                 cstackBANK0  0051
?___lldiv                 cstackCOMMON 0070
?___llmod                 cstackCOMMON 0070
?___lwdiv                 cstackCOMMON 0076
?___lwmod                 cstackCOMMON 0070
?___wmul                  cstackCOMMON 0070
?___xxtofl                cstackCOMMON 0070
?__div_to_l_              cstackCOMMON 0070
?__tdiv_to_l_             cstackCOMMON 0070
?_fround                  cstackBANK0  003E
?_scale                   cstackBANK0  003E
?_sprintf                 cstackBANK1  00A0
I2C_Master_Init@c         cstackBANK0  0020
I2C_Master_Read@a         cstackCOMMON 0070
I2C_Master_Read@temp      cstackCOMMON 0074
I2C_Master_Write@d        cstackCOMMON 0070
Lcd_Cmd@a                 cstackCOMMON 0073
Lcd_Port@a                cstackCOMMON 0070
Lcd_Set_Cursor@a          cstackCOMMON 0076
Lcd_Set_Cursor@b          cstackCOMMON 0074
Lcd_Set_Cursor@temp       cstackCOMMON 0079
Lcd_Set_Cursor@y          cstackCOMMON 0078
Lcd_Set_Cursor@z          cstackCOMMON 0077
Lcd_Write_Char@a          cstackCOMMON 0074
Lcd_Write_Char@temp       cstackCOMMON 0072
Lcd_Write_Char@y          cstackCOMMON 0073
Lcd_Write_String@a        cstackCOMMON 0075
Lcd_Write_String@i        cstackCOMMON 007A
_ANSEL                    (abs)        0188
_ANSELH                   (abs)        0189
_GIE                      (abs)        005F
_I2C_Master_Init          text24       1C2D
_I2C_Master_Read          text37       1BCC
_I2C_Master_Start         text36       1AC3
_I2C_Master_Stop          text35       1ACC
_I2C_Master_Wait          text38       1AEA
_I2C_Master_Write         text34       1AD5
_Lcd_Clear                text31       1AF7
_Lcd_Cmd                  text32       000A
_Lcd_Init                 text30       1E66
_Lcd_Port                 text33       1B16
_Lcd_Set_Cursor           text29       1D25
_Lcd_Write_Char           text28       1BFA
_Lcd_Write_String         text27       1C9F
_OSCCONbits               (abs)        008F
_PEIE                     (abs)        005E
_PORTA                    (abs)        0005
_PORTB                    (abs)        0006
_PORTD                    (abs)        0008
_PORTDbits                (abs)        0008
_RD3                      (abs)        0043
_RD4                      (abs)        0044
_RD5                      (abs)        0045
_RD6                      (abs)        0046
_RD7                      (abs)        0047
_SSPADD                   (abs)        0093
_SSPBUF                   (abs)        0013
_SSPCON                   (abs)        0014
_SSPCON2                  (abs)        0091
_SSPCON2bits              (abs)        0091
_SSPIE                    (abs)        0463
_SSPIF                    (abs)        0063
_SSPSTAT                  (abs)        0094
_TRISA                    (abs)        0085
_TRISB                    (abs)        0086
_TRISC3                   (abs)        043B
_TRISC4                   (abs)        043C
_TRISCbits                (abs)        0087
_TRISD                    (abs)        0088
__Habs1                   abs1         0000
__Hbank0                  bank0        0000
__Hbank1                  bank1        0000
__Hbank2                  bank2        0000
__Hbank3                  bank3        0000
__HbssBANK1               bssBANK1     0000
__Hcinit                  cinit        0800
__Hclrtext                clrtext      0000
__Hcode                   code         0000
__Hcommon                 common       0000
__Hconfig                 config       2009
__HcstackBANK0            cstackBANK0  0000
__HcstackBANK1            cstackBANK1  0000
__HcstackCOMMON           cstackCOMMON 0000
__Heeprom_data            eeprom_data  0000
__Hend_init               end_init     0003
__Hfunctab                functab      0000
__Hidloc                  idloc        2004
__Hinit                   init         0000
__Hintentry               intentry     0000
__Hmaintext               maintext     0000
__Hpowerup                powerup      0000
__Hram                    ram          0000
__Hreset_vec              reset_vec    0000
__Hsfr0                   sfr0         0000
__Hsfr1                   sfr1         0000
__Hsfr2                   sfr2         0000
__Hsfr3                   sfr3         0000
__Hspace_0                (abs)        2000
__Hspace_1                (abs)        00CF
__Hspace_2                (abs)        0000
__Hspace_3                (abs)        0000
__Hspace_4                (abs)        4010
__Hstack                  stack        0000
__Hstrings                strings      0000
__Htext                   text         0000
__Labs1                   abs1         0000
__Lbank0                  bank0        0000
__Lbank1                  bank1        0000
__Lbank2                  bank2        0000
__Lbank3                  bank3        0000
__LbssBANK1               bssBANK1     0000
__Lcinit                  cinit        07F2
__Lclrtext                clrtext      0000
__Lcode                   code         0000
__Lcommon                 common       0000
__Lconfig                 config       0000
__LcstackBANK0            cstackBANK0  0000
__LcstackBANK1            cstackBANK1  0000
__LcstackCOMMON           cstackCOMMON 0000
__Leeprom_data            eeprom_data  0000
__Lend_init               end_init     0000
__Lfunctab                functab      0000
__Lidloc                  idloc        0000
__Linit                   init         0000
__Lintentry               intentry     0000
__Lmaintext               maintext     0000
__Lpowerup                powerup      0000
__Lram                    ram          0000
__Lreset_vec              reset_vec    0000
__Lsfr0                   sfr0         0000
__Lsfr1                   sfr1         0000
__Lsfr2                   sfr2         0000
__Lsfr3                   sfr3         0000
__Lspace_0                (abs)        0000
__Lspace_1                (abs)        0000
__Lspace_2                (abs)        0000
__Lspace_3                (abs)        0000
__Lspace_4                (abs)        0000
__Lstack                  stack        0000
__Lstrings                strings      0000
__Ltext                   text         0000
__S0                      (abs)        2000
__S1                      (abs)        00CF
__S3                      (abs)        0000
__Umul8_16                text10       1BA5
__Umul8_16@multiplicand   cstackCOMMON 0070
__Umul8_16@multiplier     cstackCOMMON 0078
__Umul8_16@product        cstackCOMMON 0074
__Umul8_16@word_mpld      cstackCOMMON 0076
___awdiv                  text4        10AA
___awdiv@counter          cstackBANK0  0020
___awdiv@dividend         cstackCOMMON 0079
___awdiv@divisor          cstackCOMMON 0077
___awdiv@quotient         cstackBANK0  0022
___awdiv@sign             cstackBANK0  0021
___awmod                  text3        1E0D
___awmod@counter          cstackCOMMON 0075
___awmod@dividend         cstackCOMMON 0072
___awmod@divisor          cstackCOMMON 0070
___awmod@sign             cstackCOMMON 0076
___fladd                  text18       15A8
___fladd@a                cstackBANK0  0056
___fladd@aexp             cstackBANK0  0063
___fladd@b                cstackBANK0  0052
___fladd@bexp             cstackBANK0  0064
___fladd@grs              cstackBANK0  0065
___fladd@signs            cstackBANK0  0062
___fldiv                  text26       11CA
___fldiv@a                cstackBANK0  003E
___fldiv@aexp             cstackBANK0  0057
___fldiv@b                cstackBANK0  0042
___fldiv@bexp             cstackBANK0  0056
___fldiv@grs              cstackBANK0  0052
___fldiv@new_exp          cstackBANK0  0050
___fldiv@rem              cstackBANK0  004B
___fldiv@sign             cstackBANK0  004F
___fleq                   text21       1D6B
___fleq@ff1               cstackCOMMON 0070
___fleq@ff2               cstackCOMMON 0074
___flge                   text20       0802
___flge@ff1               cstackCOMMON 0070
___flge@ff2               cstackCOMMON 0074
___flmul                  text9        095C
___flmul@a                cstackBANK0  0028
___flmul@aexp             cstackBANK0  0036
___flmul@b                cstackBANK0  0024
___flmul@bexp             cstackBANK0  0037
___flmul@grs              cstackBANK0  0032
___flmul@prod             cstackBANK0  0038
___flmul@sign             cstackBANK0  0031
___flmul@temp             cstackBANK0  003C
___flneg                  text19       1ADF
___flneg@f1               cstackCOMMON 0070
___flsub                  text17       1B5C
___flsub@a                cstackBANK0  0066
___flsub@b                cstackBANK0  006A
___fltol                  text16       1F88
___fltol@exp1             cstackBANK0  005A
___fltol@f1               cstackBANK0  0051
___fltol@sign1            cstackBANK0  0059
___int_sp                 stack        0000
___latbits                (abs)        0002
___lldiv                  text25       1F22
___lldiv@counter          cstackCOMMON 007D
___lldiv@dividend         cstackCOMMON 0074
___lldiv@divisor          cstackCOMMON 0070
___lldiv@quotient         cstackCOMMON 0079
___llmod                  text15       1DB9
___llmod@counter          cstackCOMMON 0079
___llmod@dividend         cstackCOMMON 0074
___llmod@divisor          cstackCOMMON 0070
___lwdiv                  text8        1CE1
___lwdiv@counter          cstackCOMMON 007D
___lwdiv@dividend         cstackCOMMON 0078
___lwdiv@divisor          cstackCOMMON 0076
___lwdiv@quotient         cstackCOMMON 007B
___lwmod                  text7        1C65
___lwmod@counter          cstackCOMMON 0075
___lwmod@dividend         cstackCOMMON 0072
___lwmod@divisor          cstackCOMMON 0070
___sp                     stack        0000
___stackhi                (abs)        0000
___stacklo                (abs)        0000
___wmul                   text14       1B80
___wmul@multiplicand      cstackCOMMON 0072
___wmul@multiplier        cstackCOMMON 0070
___wmul@product           cstackCOMMON 0074
___xxtofl                 text13       08A4
___xxtofl@arg             cstackCOMMON 007A
___xxtofl@exp             cstackCOMMON 0079
___xxtofl@sign            cstackCOMMON 0078
___xxtofl@val             cstackCOMMON 0070
__div_to_l_               text12       0024
__div_to_l_@cntr          cstackBANK0  0024
__div_to_l_@exp1          cstackBANK0  0025
__div_to_l_@f1            cstackCOMMON 0070
__div_to_l_@f2            cstackCOMMON 0074
__div_to_l_@quot          cstackBANK0  0020
__end_of_I2C_Master_Init  text24       1C65
__end_of_I2C_Master_Read  text37       1BFA
__end_of_I2C_Master_Start text36       1ACC
__end_of_I2C_Master_Stop  text35       1AD5
__end_of_I2C_Master_Wait  text38       1AF7
__end_of_I2C_Master_Write text34       1ADF
__end_of_Lcd_Clear        text31       1B04
__end_of_Lcd_Cmd          text32       0024
__end_of_Lcd_Init         text30       1EC3
__end_of_Lcd_Port         text33       1B38
__end_of_Lcd_Set_Cursor   text29       1D6B
__end_of_Lcd_Write_Char   text28       1C2D
__end_of_Lcd_Write_String text27       1CE1
__end_of__Umul8_16        text10       1BCC
__end_of___awdiv          text4        1113
__end_of___awmod          text3        1E66
__end_of___fladd          text18       1800
__end_of___fldiv          text26       139D
__end_of___fleq           text21       1DB9
__end_of___flge           text20       08A4
__end_of___flmul          text9        0CA1
__end_of___flneg          text19       1AEA
__end_of___flsub          text17       1B80
__end_of___fltol          text16       2000
__end_of___lldiv          text25       1F88
__end_of___llmod          text15       1E0D
__end_of___lwdiv          text8        1D25
__end_of___lwmod          text7        1C9F
__end_of___wmul           text14       1BA5
__end_of___xxtofl         text13       095C
__end_of__div_to_l_       text12       00DC
__end_of__initialization  cinit        07FC
__end_of__npowers_        strings      1078
__end_of__powers_         strings      1044
__end_of__stringtab       strings      1010
__end_of__tdiv_to_l_      text11       11CA
__end_of_dpowers          strings      10A0
__end_of_fround           text6        15A8
__end_of_isdigit          text5        1B16
__end_of_main             maintext     01B2
__end_of_portsetup        text23       1B5C
__end_of_scale            text2        1000
__end_of_setupINTOSC      text22       1F22
__end_of_sprintf          text1        07F2
__initialization          cinit        07F2
__npowers_                strings      1044
__pbssBANK1               bssBANK1     00C7
__pcstackBANK0            cstackBANK0  0020
__pcstackBANK1            cstackBANK1  00A0
__pcstackCOMMON           cstackCOMMON 0070
__pmaintext               maintext     00DC
__powers_                 strings      1010
__pstrings                strings      1000
__ptext1                  text1        01B2
__ptext10                 text10       1BA5
__ptext11                 text11       1113
__ptext12                 text12       0024
__ptext13                 text13       08A4
__ptext14                 text14       1B80
__ptext15                 text15       1DB9
__ptext16                 text16       1F88
__ptext17                 text17       1B5C
__ptext18                 text18       15A8
__ptext19                 text19       1ADF
__ptext2                  text2        0CA1
__ptext20                 text20       0802
__ptext21                 text21       1D6B
__ptext22                 text22       1EC3
__ptext23                 text23       1B38
__ptext24                 text24       1C2D
__ptext25                 text25       1F22
__ptext26                 text26       11CA
__ptext27                 text27       1C9F
__ptext28                 text28       1BFA
__ptext29                 text29       1D25
__ptext3                  text3        1E0D
__ptext30                 text30       1E66
__ptext31                 text31       1AF7
__ptext32                 text32       000A
__ptext33                 text33       1B16
__ptext34                 text34       1AD5
__ptext35                 text35       1ACC
__ptext36                 text36       1AC3
__ptext37                 text37       1BCC
__ptext38                 text38       1AEA
__ptext4                  text4        10AA
__ptext5                  text5        1B04
__ptext6                  text6        139D
__ptext7                  text7        1C65
__ptext8                  text8        1CE1
__ptext9                  text9        095C
__stringbase              strings      100F
__stringtab               strings      1000
__tdiv_to_l_              text11       1113
__tdiv_to_l_@cntr         cstackBANK0  0024
__tdiv_to_l_@exp1         cstackBANK0  0025
__tdiv_to_l_@f1           cstackCOMMON 0070
__tdiv_to_l_@f2           cstackCOMMON 0074
__tdiv_to_l_@quot         cstackBANK0  0020
_conver                   bssBANK1     00C7
_dpowers                  strings      1078
_fround                   text6        139D
_fround$1015              cstackBANK0  004D
_fround$1016              cstackBANK0  0049
_isdigit                  text5        1B04
_isdigit$815              cstackCOMMON 0070
_lecADC                   bssBANK1     00CB
_main                     maintext     00DC
_portsetup                text23       1B38
_scale                    text2        0CA1
_scale$1017               cstackBANK0  004C
_setupINTOSC              text22       1EC3
_sprintf                  text1        01B2
_sprintf$1018             cstackBANK1  00AA
_valADC                   bssBANK1     00CC
btemp                     (abs)        007E
end_of_initialization     cinit        07FC
fround@prec               cstackBANK0  0051
intlevel0                 functab      0000
intlevel1                 functab      0000
intlevel2                 functab      0000
intlevel3                 functab      0000
intlevel4                 functab      0000
intlevel5                 functab      0000
isdigit@c                 cstackCOMMON 0071
reset_vec                 reset_vec    0000
scale@scl                 cstackBANK0  0050
setupINTOSC@IRCF          cstackCOMMON 0070
sprintf@ap                cstackBANK1  00AE
sprintf@c                 cstackBANK1  00C2
sprintf@eexp              cstackBANK1  00B5
sprintf@f                 cstackBANK1  00A0
sprintf@flag              cstackBANK1  00AF
sprintf@fval              cstackBANK1  00BE
sprintf@prec              cstackBANK1  00BC
sprintf@sp                cstackBANK1  00BB
sprintf@tmpval            cstackBANK1  00B7
sprintf@val               cstackBANK1  00B1
start                     init         0000
start_initialization      cinit        07F2
wtemp0                    (abs)        007E


MODULE INFORMATION

Module		Function		Class		Link	Load	Size
C:\Program Files\Microchip\xc8\v2.40\pic\sources\c90\common\fltol.c
		___fltol       		CODE           	1F88	0000	120

C:\Program Files\Microchip\xc8\v2.40\pic\sources\c90\common\fltol.c estimated size: 120

C:\Program Files\Microchip\xc8\v2.40\pic\sources\c90\common\awdiv.c
		___awdiv       		CODE           	10AA	0000	105

C:\Program Files\Microchip\xc8\v2.40\pic\sources\c90\common\awdiv.c estimated size: 105

C:\Program Files\Microchip\xc8\v2.40\pic\sources\c90\common\sprcmul.c
		___flmul       		CODE           	095C	0000	837

C:\Program Files\Microchip\xc8\v2.40\pic\sources\c90\common\sprcmul.c estimated size: 837

I2C.c
		_I2C_Master_Read		CODE           	1BCC	0000	46
		_I2C_Master_Wait		CODE           	1AEA	0000	13
		_I2C_Master_Init		CODE           	1C2D	0000	56
		_I2C_Master_Stop		CODE           	1ACC	0000	9
		_I2C_Master_Write		CODE           	1AD5	0000	10
		_I2C_Master_Start		CODE           	1AC3	0000	9

I2C.c estimated size: 143

C:\Program Files\Microchip\xc8\v2.40\pic\sources\c90\common\__lldiv.c
		___lldiv       		CODE           	1F22	0000	102

C:\Program Files\Microchip\xc8\v2.40\pic\sources\c90\common\__lldiv.c estimated size: 102

C:\Program Files\Microchip\xc8\v2.40\pic\sources\c90\common\flneg.c
		___flneg       		CODE           	1ADF	0000	11

C:\Program Files\Microchip\xc8\v2.40\pic\sources\c90\common\flneg.c estimated size: 11

C:\Program Files\Microchip\xc8\v2.40\pic\sources\c90\common\sprcdiv.c
		___fldiv       		CODE           	11CA	0000	467

C:\Program Files\Microchip\xc8\v2.40\pic\sources\c90\common\sprcdiv.c estimated size: 467

C:\Program Files\Microchip\xc8\v2.40\pic\sources\c90\common\fleq.c
		___fleq        		CODE           	1D6B	0000	78

C:\Program Files\Microchip\xc8\v2.40\pic\sources\c90\common\fleq.c estimated size: 78

C:\Program Files\Microchip\xc8\v2.40\pic\sources\c90\common\Umul8_16.c
		__Umul8_16     		CODE           	1BA5	0000	39

C:\Program Files\Microchip\xc8\v2.40\pic\sources\c90\common\Umul8_16.c estimated size: 39

C:\Program Files\Microchip\xc8\v2.40\pic\sources\c90\common\doprnt.c
		_scale         		CODE           	0CA1	0000	863
		_sprintf       		CODE           	01B2	0000	1600
		_fround        		CODE           	139D	0000	523

C:\Program Files\Microchip\xc8\v2.40\pic\sources\c90\common\doprnt.c estimated size: 2986

oscilador.c
		_setupINTOSC   		CODE           	1EC3	0000	95

oscilador.c estimated size: 95

C:\Program Files\Microchip\xc8\v2.40\pic\sources\c90\common\ftdivl.c
		__tdiv_to_l_   		CODE           	1113	0000	183

C:\Program Files\Microchip\xc8\v2.40\pic\sources\c90\common\ftdivl.c estimated size: 183

C:\Program Files\Microchip\xc8\v2.40\pic\sources\c90\common\Umul16.c
		___wmul        		CODE           	1B80	0000	37

C:\Program Files\Microchip\xc8\v2.40\pic\sources\c90\common\Umul16.c estimated size: 37

C:\Program Files\Microchip\xc8\v2.40\pic\sources\c90\common\lwmod.c
		___lwmod       		CODE           	1C65	0000	58

C:\Program Files\Microchip\xc8\v2.40\pic\sources\c90\common\lwmod.c estimated size: 58

shared
		__stringtab    		STRING         	1000	0000	16
		__powers_      		STRING         	1010	0000	52
		_dpowers       		STRING         	1078	0000	40
		__npowers_     		STRING         	1044	0000	52
		__initialization		CODE           	07F2	0000	10

shared estimated size: 170

C:\Program Files\Microchip\xc8\v2.40\pic\sources\c90\common\llmod.c
		___llmod       		CODE           	1DB9	0000	84

C:\Program Files\Microchip\xc8\v2.40\pic\sources\c90\common\llmod.c estimated size: 84

C:\Program Files\Microchip\xc8\v2.40\pic\sources\c90\common\isdigit.c
		_isdigit       		CODE           	1B04	0000	18

C:\Program Files\Microchip\xc8\v2.40\pic\sources\c90\common\isdigit.c estimated size: 18

C:\Program Files\Microchip\xc8\v2.40\pic\sources\c90\common\sprcadd.c
		___flsub       		CODE           	1B5C	0000	36
		___fladd       		CODE           	15A8	0000	600

C:\Program Files\Microchip\xc8\v2.40\pic\sources\c90\common\sprcadd.c estimated size: 636

C:\Program Files\Microchip\xc8\v2.40\pic\sources\c90\common\awmod.c
		___awmod       		CODE           	1E0D	0000	89

C:\Program Files\Microchip\xc8\v2.40\pic\sources\c90\common\awmod.c estimated size: 89

C:\Program Files\Microchip\xc8\v2.40\pic\sources\c90\common\flge.c
		___flge        		CODE           	0802	0000	162

C:\Program Files\Microchip\xc8\v2.40\pic\sources\c90\common\flge.c estimated size: 162

main.c
		_main          		CODE           	00DC	0000	214
		_portsetup     		CODE           	1B38	0000	36

main.c estimated size: 250

C:\Program Files\Microchip\xc8\v2.40\pic\sources\c90\common\fldivl.c
		__div_to_l_    		CODE           	0024	0000	184

C:\Program Files\Microchip\xc8\v2.40\pic\sources\c90\common\fldivl.c estimated size: 184

C:\Program Files\Microchip\xc8\v2.40\pic\sources\c90\common\lwdiv.c
		___lwdiv       		CODE           	1CE1	0000	68

C:\Program Files\Microchip\xc8\v2.40\pic\sources\c90\common\lwdiv.c estimated size: 68

C:\Program Files\Microchip\xc8\v2.40\pic\sources\c90\common\xxtofl.c
		___xxtofl      		CODE           	08A4	0000	184

C:\Program Files\Microchip\xc8\v2.40\pic\sources\c90\common\xxtofl.c estimated size: 184

LCD.c
		_Lcd_Write_String		CODE           	1C9F	0000	66
		_Lcd_Init      		CODE           	1E66	0000	93
		_Lcd_Write_Char		CODE           	1BFA	0000	51
		_Lcd_Cmd       		CODE           	000A	0000	26
		_Lcd_Set_Cursor		CODE           	1D25	0000	70
		_Lcd_Clear     		CODE           	1AF7	0000	13
		_Lcd_Port      		CODE           	1B16	0000	34

LCD.c estimated size: 353

