Microchip MPLAB XC8 Compiler V2.40

Linker command line:

-W-3 \
  --edf=C:\Program Files\Microchip\xc8\v2.40\pic\dat\20220703182018_en.msgs \
  -cn -h+dist/default/production\ED2-Lab04-M.X.production.sym \
  --cmf=dist/default/production\ED2-Lab04-M.X.production.cmf -z -Q16F887 \
  -oC:\Users\Pablo\AppData\Local\Temp\xcAs25g.4 --defsym=__MPLAB_BUILD=1 \
  --fixupoverflow=error \
  -Mdist/default/production/ED2-Lab04-M.X.production.map \
  --md=C:\Users\Pablo\AppData\Local\Temp\xcAs25g.dat -E1 -ver=XC8 Compiler \
  --acfsm=1493 -ACODE=00h-07FFhx4 -ASTRCODE=00h-01FFFh -ASTRING=00h-0FFhx32 \
  -ACONST=00h-0FFhx32 -AENTRY=00h-0FFhx32 -ACOMMON=070h-07Fh \
  -ABANK0=020h-06Fh -ABANK1=0A0h-0EFh -ABANK2=0110h-016Fh \
  -ABANK3=0190h-01EFh -ARAM=020h-06Fh,0A0h-0EFh,0110h-016Fh,0190h-01EFh \
  -AABS1=020h-07Fh,0A0h-0EFh,0110h-016Fh,0190h-01EFh -ASFR0=00h-01Fh \
  -ASFR1=080h-09Fh -ASFR2=0100h-010Fh -ASFR3=0180h-018Fh \
  -ACONFIG=02007h-02008h -DCONFIG=2 -AIDLOC=02000h-02003h -DIDLOC=2 \
  -AEEDATA=00h-0FFh/02100h -peeprom_data=EEDATA -DEEDATA=2 -DCODE=2 \
  -DSTRCODE=2 -DSTRING=2 -DCONST=2 -DENTRY=2 \
  -preset_vec=00h,intentry,init,end_init -ppowerup=CODE -pcinit=CODE \
  -pfunctab=ENTRY -k C:\Users\Pablo\AppData\Local\Temp\xcAs25g.o \
  dist/default/production\ED2-Lab04-M.X.production.o 

Object code version is 3.11

Machine type is 16F887



                Name                               Link     Load   Length Selector   Space Scale
C:\Users\Pablo\AppData\Local\Temp\xcAs25g.o
                end_init                              0        0        3        0       0
                config                             2007     2007        2        0       4
                idloc                              2000     2000        4        0       5
dist/default/production\ED2-Lab04-M.X.production.o
                cinit                               7EB      7EB       15      FD6       0
                config                             2007     2007        2        0       4
                idloc                              2000     2000        4        0       5
                text45                             19B9     19B9       22     3372       0
                text44                             1984     1984       1A     3308       0
                text43                             1943     1943        D     3286       0
                text42                             1D9C     1D9C       5D     3B38       0
                text41                             1C0B     1C0B       46     3816       0
                text40                             1A9D     1A9D       35     353A       0
                text39                             1B85     1B85       42     370A       0
                text38                             11CA     11CA      1D3     2394       0
                text37                             1F1F     1F1F       69     3E3E       0
                text36                             1D43     1D43       59     3A86       0
                text35                             1BC7     1BC7       44     378E       0
                text34                             1AD2     1AD2       3A     35A4       0
                text33                             1E58     1E58       61     3CB0       0
                text32                             1C9F     1C9F       50     393E       0
                text31                             1950     1950        D     32A0       0
                text30                             1A6F     1A6F       2E     34DE       0
                text29                             1913     1913        9     3226       0
                text28                             191C     191C        9     3238       0
                text27                             1925     1925        9     324A       0
                text26                             192E     192E        A     325C       0
                text25                             196F     196F       15     32DE       0
                text24                             199E     199E       1B     333C       0
                text23                             1B48     1B48       3D     3690       0
                text22                             1B0C     1B0C       3C     3618       0
                text21                             1EB9     1EB9       66     3D72       0
                text20                                3        3       38        0       0
                text19                             19DB     19DB       24     33B6       0
                text18                             1DF9     1DF9       5F     3BF2       0
                text17                             1C51     1C51       4E     38A2       0
                text16                              803      803       A2     1006       0
                text15                             1938     1938        B     3270       0
                text14                             15A8     15A8      258     2B50       0
                text13                             19FF     19FF       24     33FE       0
                text12                             1F88     1F88       78     3F10       0
                text11                             1CEF     1CEF       54     39DE       0
                text10                             1A23     1A23       25     3446       0
                text9                                3B       3B       B8       76       0
                text8                                F3       F3       B8      1E6       0
                text7                               8A5      8A5       B7     114A       0
                text6                              1A48     1A48       27     3490       0
                text5                               95C      95C      345     12B8       0
                text4                              139D     139D      20B     273A       0
                text3                              195D     195D       12     32BA       0
                text2                               CA1      CA1      35F     1942       0
                text1                               1AB      1AB      640      356       0
                maintext                           1004     1004      1C6     2008       0
                cstackBANK0                          20       20       4E       20       1
                cstackCOMMON                         70       70        E       70       1
                cstackBANK1                          A0       A0       27       A0       1
                bssBANK1                             C7       C7        C       A0       1
                bssBANK0                             6E       6E        1       20       1
                strings                            1800     1800       B5     3000       0

TOTAL           Name                               Link     Load   Length     Space
        CLASS   CODE           
                end_init                              0        0        3         0
                cinit                               7EB      7EB       15         0
                text45                             19B9     19B9       22         0
                text44                             1984     1984       1A         0
                text43                             1943     1943        D         0
                text42                             1D9C     1D9C       5D         0
                text41                             1C0B     1C0B       46         0
                text40                             1A9D     1A9D       35         0
                text39                             1B85     1B85       42         0
                text38                             11CA     11CA      1D3         0
                text37                             1F1F     1F1F       69         0
                text36                             1D43     1D43       59         0
                text35                             1BC7     1BC7       44         0
                text34                             1AD2     1AD2       3A         0
                text33                             1E58     1E58       61         0
                text32                             1C9F     1C9F       50         0
                text31                             1950     1950        D         0
                text30                             1A6F     1A6F       2E         0
                text29                             1913     1913        9         0
                text28                             191C     191C        9         0
                text27                             1925     1925        9         0
                text26                             192E     192E        A         0
                text25                             196F     196F       15         0
                text24                             199E     199E       1B         0
                text23                             1B48     1B48       3D         0
                text22                             1B0C     1B0C       3C         0
                text21                             1EB9     1EB9       66         0
                text20                                3        3       38         0
                text19                             19DB     19DB       24         0
                text18                             1DF9     1DF9       5F         0
                text17                             1C51     1C51       4E         0
                text16                              803      803       A2         0
                text15                             1938     1938        B         0
                text14                             15A8     15A8      258         0
                text13                             19FF     19FF       24         0
                text12                             1F88     1F88       78         0
                text11                             1CEF     1CEF       54         0
                text10                             1A23     1A23       25         0
                text9                                3B       3B       B8         0
                text8                                F3       F3       B8         0
                text7                               8A5      8A5       B7         0
                text6                              1A48     1A48       27         0
                text5                               95C      95C      345         0
                text4                              139D     139D      20B         0
                text3                              195D     195D       12         0
                text2                               CA1      CA1      35F         0
                text1                               1AB      1AB      640         0
                maintext                           1004     1004      1C6         0

        CLASS   STRCODE        

        CLASS   STRING         
                strings                            1800     1800       B5         0

        CLASS   CONST          

        CLASS   ENTRY          

        CLASS   COMMON         
                cstackCOMMON                         70       70        E         1

        CLASS   BANK0          
                cstackBANK0                          20       20       4E         1
                bssBANK0                             6E       6E        1         1

        CLASS   BANK1          
                cstackBANK1                          A0       A0       27         1
                bssBANK1                             C7       C7        C         1

        CLASS   BANK2          

        CLASS   BANK3          

        CLASS   RAM            

        CLASS   ABS1           
                abs_s1                               7E       7E        2         1

        CLASS   SFR0           

        CLASS   SFR1           

        CLASS   SFR2           

        CLASS   SFR3           

        CLASS   CONFIG         
                config                             2007     2007        2         4

        CLASS   IDLOC          
                idloc                              2000     2000        4         5

        CLASS   EEDATA         

        CLASS   STACK          



SEGMENTS        Name                           Load    Length   Top    Selector   Space  Class     Delta

                reset_vec                      000000  00003B  00003B         0       0  CODE        2
                cstackBANK0                    000020  00004F  00006F        20       1  BANK0       1
                cstackCOMMON                   000070  00000E  00007E        70       1  COMMON      1
                text9                          00003B  0000B8  0000F3        76       0  CODE        2
                cstackBANK1                    0000A0  000033  0000D3        A0       1  BANK1       1
                text8                          0000F3  0000B8  0001AB       1E6       0  CODE        2
                text1                          0001AB  000640  0007EB       356       0  CODE        2
                cinit                          0007EB  000015  000800       FD6       0  CODE        2
                text16                         000803  0000A2  0008A5      1006       0  CODE        2
                text7                          0008A5  0000B7  00095C      114A       0  CODE        2
                text5                          00095C  000345  000CA1      12B8       0  CODE        2
                text2                          000CA1  00035F  001000      1942       0  CODE        2
                maintext                       001004  0001C6  0011CA      2008       0  CODE        2
                text38                         0011CA  0001D3  00139D      2394       0  CODE        2
                text4                          00139D  00020B  0015A8      273A       0  CODE        2
                text14                         0015A8  000258  001800      2B50       0  CODE        2
                strings                        001800  0000B5  0018B5      3000       0  STRING      2
                text29                         001913  000009  00191C      3226       0  CODE        2
                text28                         00191C  000009  001925      3238       0  CODE        2
                text27                         001925  000009  00192E      324A       0  CODE        2
                text26                         00192E  00000A  001938      325C       0  CODE        2
                text15                         001938  00000B  001943      3270       0  CODE        2
                text43                         001943  00000D  001950      3286       0  CODE        2
                text31                         001950  00000D  00195D      32A0       0  CODE        2
                text3                          00195D  000012  00196F      32BA       0  CODE        2
                text25                         00196F  000015  001984      32DE       0  CODE        2
                text44                         001984  00001A  00199E      3308       0  CODE        2
                text24                         00199E  00001B  0019B9      333C       0  CODE        2
                text45                         0019B9  000022  0019DB      3372       0  CODE        2
                text19                         0019DB  000024  0019FF      33B6       0  CODE        2
                text13                         0019FF  000024  001A23      33FE       0  CODE        2
                text10                         001A23  000025  001A48      3446       0  CODE        2
                text6                          001A48  000027  001A6F      3490       0  CODE        2
                text30                         001A6F  00002E  001A9D      34DE       0  CODE        2
                text40                         001A9D  000035  001AD2      353A       0  CODE        2
                text34                         001AD2  00003A  001B0C      35A4       0  CODE        2
                text22                         001B0C  00003C  001B48      3618       0  CODE        2
                text23                         001B48  00003D  001B85      3690       0  CODE        2
                text39                         001B85  000042  001BC7      370A       0  CODE        2
                text35                         001BC7  000044  001C0B      378E       0  CODE        2
                text41                         001C0B  000046  001C51      3816       0  CODE        2
                text17                         001C51  00004E  001C9F      38A2       0  CODE        2
                text32                         001C9F  000050  001CEF      393E       0  CODE        2
                text11                         001CEF  000054  001D43      39DE       0  CODE        2
                text36                         001D43  000059  001D9C      3A86       0  CODE        2
                text42                         001D9C  00005D  001DF9      3B38       0  CODE        2
                text18                         001DF9  00005F  001E58      3BF2       0  CODE        2
                text33                         001E58  000061  001EB9      3CB0       0  CODE        2
                text21                         001EB9  000066  001F1F      3D72       0  CODE        2
                text37                         001F1F  000069  001F88      3E3E       0  CODE        2
                text12                         001F88  000078  002000      3F10       0  CODE        2


UNUSED ADDRESS RANGES

        Name                Unused          Largest block    Delta
        BANK0            006F-006F              1           1
        BANK1            00D3-00EF             1D           1
        BANK2            0110-016F             60           1
        BANK3            0190-01EF             60           1
        CODE             0800-0802              3           2
                         1000-1003              4
                         18B5-1912             5E
        CONST            0800-0802              3           2
                         1000-1003              4
                         18B5-1912             4B
        EEDATA           2100-21FF            100           2
        ENTRY            0800-0802              3           2
                         1000-1003              4
                         18B5-1912             4B
        RAM              006F-006F              1           1
                         00D3-00EF             1D
                         0110-016F             60
                         0190-01EF             60
        SFR0             0000-001F             20           1
        SFR1             0080-009F             20           1
        SFR2             0100-010F             10           1
        SFR3             0180-018F             10           1
        STRCODE          0800-0802              3           2
                         1000-1003              4
                         18B5-1912             5E
        STRING           0800-0802              3           2
                         1000-1003              4
                         18B5-1912             4B

                                  Symbol Table

?_I2C_Master_Read                 cstackCOMMON 0070
?__Umul8_16                       cstackCOMMON 0070
?___awdiv                         cstackCOMMON 0077
?___awmod                         cstackCOMMON 0070
?___fladd                         cstackBANK0  0052
?___fldiv                         cstackBANK0  003E
?___flmul                         cstackBANK0  0024
?___flneg                         cstackCOMMON 0070
?___flsub                         cstackBANK0  0066
?___fltol                         cstackBANK0  0051
?___lldiv                         cstackCOMMON 0070
?___llmod                         cstackCOMMON 0070
?___lwdiv                         cstackCOMMON 0076
?___lwmod                         cstackCOMMON 0070
?___wmul                          cstackCOMMON 0070
?___xxtofl                        cstackCOMMON 0070
?__div_to_l_                      cstackCOMMON 0070
?__tdiv_to_l_                     cstackCOMMON 0070
?_fround                          cstackBANK0  003E
?_scale                           cstackBANK0  003E
?_sprintf                         cstackBANK1  00A0
I2C_Master_Init@c                 cstackBANK0  0020
I2C_Master_Read@a                 cstackCOMMON 0070
I2C_Master_Read@temp              cstackCOMMON 0074
I2C_Master_Write@d                cstackCOMMON 0070
Lcd_Cmd@a                         cstackCOMMON 0073
Lcd_Port@a                        cstackCOMMON 0070
Lcd_Set_Cursor@a                  cstackCOMMON 0076
Lcd_Set_Cursor@b                  cstackCOMMON 0074
Lcd_Set_Cursor@temp               cstackCOMMON 0079
Lcd_Set_Cursor@y                  cstackCOMMON 0078
Lcd_Set_Cursor@z                  cstackCOMMON 0077
Lcd_Write_Char@a                  cstackCOMMON 0074
Lcd_Write_Char@temp               cstackCOMMON 0072
Lcd_Write_Char@y                  cstackCOMMON 0073
Lcd_Write_String@a                cstackCOMMON 0075
Lcd_Write_String@i                cstackCOMMON 007A
_ANSEL                            (abs)        0188
_ANSELH                           (abs)        0189
_GIE                              (abs)        005F
_I2C_Master_Init                  text20       0003
_I2C_Master_Read                  text30       1A6F
_I2C_Master_RepeatedStart         text29       1913
_I2C_Master_Start                 text28       191C
_I2C_Master_Stop                  text27       1925
_I2C_Master_Wait                  text31       1950
_I2C_Master_Write                 text26       192E
_Lcd_Clear                        text43       1943
_Lcd_Cmd                          text44       1984
_Lcd_Init                         text42       1D9C
_Lcd_Port                         text45       19B9
_Lcd_Set_Cursor                   text41       1C0B
_Lcd_Write_Char                   text40       1A9D
_Lcd_Write_String                 text39       1B85
_OSCCONbits                       (abs)        008F
_PEIE                             (abs)        005E
_PORTA                            (abs)        0005
_PORTB                            (abs)        0006
_PORTD                            (abs)        0008
_PORTDbits                        (abs)        0008
_RD3                              (abs)        0043
_RD4                              (abs)        0044
_RD5                              (abs)        0045
_RD6                              (abs)        0046
_RD7                              (abs)        0047
_SSPADD                           (abs)        0093
_SSPBUF                           (abs)        0013
_SSPCON                           (abs)        0014
_SSPCON2                          (abs)        0091
_SSPCON2bits                      (abs)        0091
_SSPIE                            (abs)        0463
_SSPIF                            (abs)        0063
_SSPSTAT                          (abs)        0094
_TRISA                            (abs)        0085
_TRISB                            (abs)        0086
_TRISC3                           (abs)        043B
_TRISC4                           (abs)        043C
_TRISCbits                        (abs)        0087
_TRISD                            (abs)        0088
__Habs1                           abs1         0000
__Hbank0                          bank0        0000
__Hbank1                          bank1        0000
__Hbank2                          bank2        0000
__Hbank3                          bank3        0000
__HbssBANK0                       bssBANK0     0000
__HbssBANK1                       bssBANK1     0000
__Hcinit                          cinit        0800
__Hclrtext                        clrtext      0000
__Hcode                           code         0000
__Hcommon                         common       0000
__Hconfig                         config       2009
__HcstackBANK0                    cstackBANK0  0000
__HcstackBANK1                    cstackBANK1  0000
__HcstackCOMMON                   cstackCOMMON 0000
__Heeprom_data                    eeprom_data  0000
__Hend_init                       end_init     0003
__Hfunctab                        functab      0000
__Hidloc                          idloc        2004
__Hinit                           init         0000
__Hintentry                       intentry     0000
__Hmaintext                       maintext     0000
__Hpowerup                        powerup      0000
__Hram                            ram          0000
__Hreset_vec                      reset_vec    0000
__Hsfr0                           sfr0         0000
__Hsfr1                           sfr1         0000
__Hsfr2                           sfr2         0000
__Hsfr3                           sfr3         0000
__Hspace_0                        (abs)        2000
__Hspace_1                        (abs)        00D3
__Hspace_2                        (abs)        0000
__Hspace_3                        (abs)        0000
__Hspace_4                        (abs)        4010
__Hstack                          stack        0000
__Hstrings                        strings      0000
__Htext                           text         0000
__Labs1                           abs1         0000
__Lbank0                          bank0        0000
__Lbank1                          bank1        0000
__Lbank2                          bank2        0000
__Lbank3                          bank3        0000
__LbssBANK0                       bssBANK0     0000
__LbssBANK1                       bssBANK1     0000
__Lcinit                          cinit        07EB
__Lclrtext                        clrtext      0000
__Lcode                           code         0000
__Lcommon                         common       0000
__Lconfig                         config       0000
__LcstackBANK0                    cstackBANK0  0000
__LcstackBANK1                    cstackBANK1  0000
__LcstackCOMMON                   cstackCOMMON 0000
__Leeprom_data                    eeprom_data  0000
__Lend_init                       end_init     0000
__Lfunctab                        functab      0000
__Lidloc                          idloc        0000
__Linit                           init         0000
__Lintentry                       intentry     0000
__Lmaintext                       maintext     0000
__Lpowerup                        powerup      0000
__Lram                            ram          0000
__Lreset_vec                      reset_vec    0000
__Lsfr0                           sfr0         0000
__Lsfr1                           sfr1         0000
__Lsfr2                           sfr2         0000
__Lsfr3                           sfr3         0000
__Lspace_0                        (abs)        0000
__Lspace_1                        (abs)        0000
__Lspace_2                        (abs)        0000
__Lspace_3                        (abs)        0000
__Lspace_4                        (abs)        0000
__Lstack                          stack        0000
__Lstrings                        strings      0000
__Ltext                           text         0000
__S0                              (abs)        2000
__S1                              (abs)        00D3
__S3                              (abs)        0000
__Umul8_16                        text6        1A48
__Umul8_16@multiplicand           cstackCOMMON 0070
__Umul8_16@multiplier             cstackCOMMON 0078
__Umul8_16@product                cstackCOMMON 0074
__Umul8_16@word_mpld              cstackCOMMON 0076
___awdiv                          text37       1F1F
___awdiv@counter                  cstackBANK0  0020
___awdiv@dividend                 cstackCOMMON 0079
___awdiv@divisor                  cstackCOMMON 0077
___awdiv@quotient                 cstackBANK0  0022
___awdiv@sign                     cstackBANK0  0021
___awmod                          text36       1D43
___awmod@counter                  cstackCOMMON 0075
___awmod@dividend                 cstackCOMMON 0072
___awmod@divisor                  cstackCOMMON 0070
___awmod@sign                     cstackCOMMON 0076
___bmul                           text25       196F
___bmul@multiplicand              cstackCOMMON 0070
___bmul@multiplier                cstackCOMMON 0073
___bmul@product                   cstackCOMMON 0072
___fladd                          text14       15A8
___fladd@a                        cstackBANK0  0056
___fladd@aexp                     cstackBANK0  0063
___fladd@b                        cstackBANK0  0052
___fladd@bexp                     cstackBANK0  0064
___fladd@grs                      cstackBANK0  0065
___fladd@signs                    cstackBANK0  0062
___fldiv                          text38       11CA
___fldiv@a                        cstackBANK0  003E
___fldiv@aexp                     cstackBANK0  0057
___fldiv@b                        cstackBANK0  0042
___fldiv@bexp                     cstackBANK0  0056
___fldiv@grs                      cstackBANK0  0052
___fldiv@new_exp                  cstackBANK0  0050
___fldiv@rem                      cstackBANK0  004B
___fldiv@sign                     cstackBANK0  004F
___fleq                           text17       1C51
___fleq@ff1                       cstackCOMMON 0070
___fleq@ff2                       cstackCOMMON 0074
___flge                           text16       0803
___flge@ff1                       cstackCOMMON 0070
___flge@ff2                       cstackCOMMON 0074
___flmul                          text5        095C
___flmul@a                        cstackBANK0  0028
___flmul@aexp                     cstackBANK0  0036
___flmul@b                        cstackBANK0  0024
___flmul@bexp                     cstackBANK0  0037
___flmul@grs                      cstackBANK0  0032
___flmul@prod                     cstackBANK0  0038
___flmul@sign                     cstackBANK0  0031
___flmul@temp                     cstackBANK0  003C
___flneg                          text15       1938
___flneg@f1                       cstackCOMMON 0070
___flsub                          text13       19FF
___flsub@a                        cstackBANK0  0066
___flsub@b                        cstackBANK0  006A
___fltol                          text12       1F88
___fltol@exp1                     cstackBANK0  005A
___fltol@f1                       cstackBANK0  0051
___fltol@sign1                    cstackBANK0  0059
___int_sp                         stack        0000
___latbits                        (abs)        0002
___lldiv                          text21       1EB9
___lldiv@counter                  cstackCOMMON 007D
___lldiv@dividend                 cstackCOMMON 0074
___lldiv@divisor                  cstackCOMMON 0070
___lldiv@quotient                 cstackCOMMON 0079
___llmod                          text11       1CEF
___llmod@counter                  cstackCOMMON 0079
___llmod@dividend                 cstackCOMMON 0074
___llmod@divisor                  cstackCOMMON 0070
___lwdiv                          text35       1BC7
___lwdiv@counter                  cstackCOMMON 007D
___lwdiv@dividend                 cstackCOMMON 0078
___lwdiv@divisor                  cstackCOMMON 0076
___lwdiv@quotient                 cstackCOMMON 007B
___lwmod                          text34       1AD2
___lwmod@counter                  cstackCOMMON 0075
___lwmod@dividend                 cstackCOMMON 0072
___lwmod@divisor                  cstackCOMMON 0070
___sp                             stack        0000
___stackhi                        (abs)        0000
___stacklo                        (abs)        0000
___wmul                           text10       1A23
___wmul@multiplicand              cstackCOMMON 0072
___wmul@multiplier                cstackCOMMON 0070
___wmul@product                   cstackCOMMON 0074
___xxtofl                         text9        003B
___xxtofl@arg                     cstackCOMMON 007A
___xxtofl@exp                     cstackCOMMON 0079
___xxtofl@sign                    cstackCOMMON 0078
___xxtofl@val                     cstackCOMMON 0070
__div_to_l_                       text8        00F3
__div_to_l_@cntr                  cstackBANK0  0024
__div_to_l_@exp1                  cstackBANK0  0025
__div_to_l_@f1                    cstackCOMMON 0070
__div_to_l_@f2                    cstackCOMMON 0074
__div_to_l_@quot                  cstackBANK0  0020
__end_of_I2C_Master_Init          text20       003B
__end_of_I2C_Master_Read          text30       1A9D
__end_of_I2C_Master_RepeatedStart text29       191C
__end_of_I2C_Master_Start         text28       1925
__end_of_I2C_Master_Stop          text27       192E
__end_of_I2C_Master_Wait          text31       195D
__end_of_I2C_Master_Write         text26       1938
__end_of_Lcd_Clear                text43       1950
__end_of_Lcd_Cmd                  text44       199E
__end_of_Lcd_Init                 text42       1DF9
__end_of_Lcd_Port                 text45       19DB
__end_of_Lcd_Set_Cursor           text41       1C51
__end_of_Lcd_Write_Char           text40       1AD2
__end_of_Lcd_Write_String         text39       1BC7
__end_of__Umul8_16                text6        1A6F
__end_of___awdiv                  text37       1F88
__end_of___awmod                  text36       1D9C
__end_of___bmul                   text25       1984
__end_of___fladd                  text14       1800
__end_of___fldiv                  text38       139D
__end_of___fleq                   text17       1C9F
__end_of___flge                   text16       08A5
__end_of___flmul                  text5        0CA1
__end_of___flneg                  text15       1943
__end_of___flsub                  text13       1A23
__end_of___fltol                  text12       2000
__end_of___lldiv                  text21       1F1F
__end_of___llmod                  text11       1D43
__end_of___lwdiv                  text35       1C0B
__end_of___lwmod                  text34       1B0C
__end_of___wmul                   text10       1A48
__end_of___xxtofl                 text9        00F3
__end_of__div_to_l_               text8        01AB
__end_of__initialization          cinit        07FC
__end_of__npowers_                strings      1878
__end_of__powers_                 strings      1844
__end_of__stringtab               strings      1810
__end_of__tdiv_to_l_              text7        095C
__end_of_convertir                text24       19B9
__end_of_descomponer              text33       1EB9
__end_of_dpowers                  strings      18A0
__end_of_fround                   text4        15A8
__end_of_inttochar                text32       1CEF
__end_of_isdigit                  text3        196F
__end_of_leer_min                 text23       1B85
__end_of_leer_sec                 text22       1B48
__end_of_main                     maintext     11CA
__end_of_portsetup                text19       19FF
__end_of_scale                    text2        1000
__end_of_setupINTOSC              text18       1E58
__end_of_sprintf                  text1        07EB
__initialization                  cinit        07EB
__npowers_                        strings      1844
__pbssBANK0                       bssBANK0     006E
__pbssBANK1                       bssBANK1     00C7
__pcstackBANK0                    cstackBANK0  0020
__pcstackBANK1                    cstackBANK1  00A0
__pcstackCOMMON                   cstackCOMMON 0070
__pmaintext                       maintext     1004
__powers_                         strings      1810
__pstrings                        strings      1800
__ptext1                          text1        01AB
__ptext10                         text10       1A23
__ptext11                         text11       1CEF
__ptext12                         text12       1F88
__ptext13                         text13       19FF
__ptext14                         text14       15A8
__ptext15                         text15       1938
__ptext16                         text16       0803
__ptext17                         text17       1C51
__ptext18                         text18       1DF9
__ptext19                         text19       19DB
__ptext2                          text2        0CA1
__ptext20                         text20       0003
__ptext21                         text21       1EB9
__ptext22                         text22       1B0C
__ptext23                         text23       1B48
__ptext24                         text24       199E
__ptext25                         text25       196F
__ptext26                         text26       192E
__ptext27                         text27       1925
__ptext28                         text28       191C
__ptext29                         text29       1913
__ptext3                          text3        195D
__ptext30                         text30       1A6F
__ptext31                         text31       1950
__ptext32                         text32       1C9F
__ptext33                         text33       1E58
__ptext34                         text34       1AD2
__ptext35                         text35       1BC7
__ptext36                         text36       1D43
__ptext37                         text37       1F1F
__ptext38                         text38       11CA
__ptext39                         text39       1B85
__ptext4                          text4        139D
__ptext40                         text40       1A9D
__ptext41                         text41       1C0B
__ptext42                         text42       1D9C
__ptext43                         text43       1943
__ptext44                         text44       1984
__ptext45                         text45       19B9
__ptext5                          text5        095C
__ptext6                          text6        1A48
__ptext7                          text7        08A5
__ptext8                          text8        00F3
__ptext9                          text9        003B
__stringbase                      strings      180F
__stringtab                       strings      1800
__tdiv_to_l_                      text7        08A5
__tdiv_to_l_@cntr                 cstackBANK0  0024
__tdiv_to_l_@exp1                 cstackBANK0  0025
__tdiv_to_l_@f1                   cstackCOMMON 0070
__tdiv_to_l_@f2                   cstackCOMMON 0074
__tdiv_to_l_@quot                 cstackBANK0  0020
_conver                           bssBANK1     00C7
_convertir                        text24       199E
_decena                           bssBANK1     00CD
_descomponer                      text33       1E58
_dpowers                          strings      1878
_fround                           text4        139D
_fround$1059                      cstackBANK0  004D
_fround$1060                      cstackBANK0  0049
_inttochar                        text32       1C9F
_isdigit                          text3        195D
_isdigit$863                      cstackCOMMON 0070
_lecADC                           bssBANK1     00CF
_leer_min                         text23       1B48
_leer_sec                         text22       1B0C
_main                             maintext     1004
_min                              bssBANK1     00CB
_portsetup                        text19       19DB
_scale                            text2        0CA1
_scale$1061                       cstackBANK0  004C
_sec                              bssBANK1     00CC
_setupINTOSC                      text18       1DF9
_sprintf                          text1        01AB
_sprintf$1062                     cstackBANK1  00AA
_unidad                           bssBANK1     00CE
_valADC                           bssBANK1     00D0
btemp                             (abs)        007E
convertir@conversion              cstackCOMMON 0077
convertir@decena                  cstackCOMMON 0076
convertir@unidad                  cstackCOMMON 0075
convertir@valor                   cstackCOMMON 0078
descomponer@cent                  cstackBANK0  002A
descomponer@dec                   cstackBANK0  002C
descomponer@num                   cstackBANK0  0026
descomponer@pos                   cstackBANK0  0024
descomponer@uni                   cstackBANK0  002B
end_of_initialization             cinit        07FC
fround@prec                       cstackBANK0  0051
intlevel0                         functab      0000
intlevel1                         functab      0000
intlevel2                         functab      0000
intlevel3                         functab      0000
intlevel4                         functab      0000
intlevel5                         functab      0000
inttochar@num                     cstackCOMMON 0070
isdigit@c                         cstackCOMMON 0071
leer_min@min                      cstackCOMMON 0079
leer_sec@sec                      cstackCOMMON 0079
reset_vec                         reset_vec    0000
scale@scl                         cstackBANK0  0050
setupINTOSC@IRCF                  cstackCOMMON 0070
sprintf@ap                        cstackBANK1  00AE
sprintf@c                         cstackBANK1  00C2
sprintf@eexp                      cstackBANK1  00B5
sprintf@f                         cstackBANK1  00A0
sprintf@flag                      cstackBANK1  00AF
sprintf@fval                      cstackBANK1  00BE
sprintf@prec                      cstackBANK1  00BC
sprintf@sp                        cstackBANK1  00BB
sprintf@tmpval                    cstackBANK1  00B7
sprintf@val                       cstackBANK1  00B1
start                             init         0000
start_initialization              cinit        07EB
wtemp0                            (abs)        007E


MODULE INFORMATION

Module		Function		Class		Link	Load	Size
C:\Program Files\Microchip\xc8\v2.40\pic\sources\c90\common\fltol.c
		___fltol       		CODE           	1F88	0000	120

C:\Program Files\Microchip\xc8\v2.40\pic\sources\c90\common\fltol.c estimated size: 120

conversiones.c
		_inttochar     		CODE           	1C9F	0000	80
		_descomponer   		CODE           	1E58	0000	97

conversiones.c estimated size: 177

C:\Program Files\Microchip\xc8\v2.40\pic\sources\c90\common\Umul8.c
		___bmul        		CODE           	196F	0000	21

C:\Program Files\Microchip\xc8\v2.40\pic\sources\c90\common\Umul8.c estimated size: 21

C:\Program Files\Microchip\xc8\v2.40\pic\sources\c90\common\awdiv.c
		___awdiv       		CODE           	1F1F	0000	105

C:\Program Files\Microchip\xc8\v2.40\pic\sources\c90\common\awdiv.c estimated size: 105

C:\Program Files\Microchip\xc8\v2.40\pic\sources\c90\common\sprcmul.c
		___flmul       		CODE           	095C	0000	837

C:\Program Files\Microchip\xc8\v2.40\pic\sources\c90\common\sprcmul.c estimated size: 837

I2C.c
		_I2C_Master_Read		CODE           	1A6F	0000	46
		_I2C_Master_Wait		CODE           	1950	0000	13
		_I2C_Master_Init		CODE           	0003	0000	56
		_I2C_Master_Stop		CODE           	1925	0000	9
		_I2C_Master_RepeatedStart		CODE           	1913	0000	9
		_I2C_Master_Write		CODE           	192E	0000	10
		_I2C_Master_Start		CODE           	191C	0000	9

I2C.c estimated size: 152

C:\Program Files\Microchip\xc8\v2.40\pic\sources\c90\common\__lldiv.c
		___lldiv       		CODE           	1EB9	0000	102

C:\Program Files\Microchip\xc8\v2.40\pic\sources\c90\common\__lldiv.c estimated size: 102

C:\Program Files\Microchip\xc8\v2.40\pic\sources\c90\common\flneg.c
		___flneg       		CODE           	1938	0000	11

C:\Program Files\Microchip\xc8\v2.40\pic\sources\c90\common\flneg.c estimated size: 11

C:\Program Files\Microchip\xc8\v2.40\pic\sources\c90\common\sprcdiv.c
		___fldiv       		CODE           	11CA	0000	467

C:\Program Files\Microchip\xc8\v2.40\pic\sources\c90\common\sprcdiv.c estimated size: 467

C:\Program Files\Microchip\xc8\v2.40\pic\sources\c90\common\fleq.c
		___fleq        		CODE           	1C51	0000	78

C:\Program Files\Microchip\xc8\v2.40\pic\sources\c90\common\fleq.c estimated size: 78

C:\Program Files\Microchip\xc8\v2.40\pic\sources\c90\common\Umul8_16.c
		__Umul8_16     		CODE           	1A48	0000	39

C:\Program Files\Microchip\xc8\v2.40\pic\sources\c90\common\Umul8_16.c estimated size: 39

C:\Program Files\Microchip\xc8\v2.40\pic\sources\c90\common\doprnt.c
		_scale         		CODE           	0CA1	0000	863
		_sprintf       		CODE           	01AB	0000	1600
		_fround        		CODE           	139D	0000	523

C:\Program Files\Microchip\xc8\v2.40\pic\sources\c90\common\doprnt.c estimated size: 2986

oscilador.c
		_setupINTOSC   		CODE           	1DF9	0000	95

oscilador.c estimated size: 95

C:\Program Files\Microchip\xc8\v2.40\pic\sources\c90\common\ftdivl.c
		__tdiv_to_l_   		CODE           	08A5	0000	183

C:\Program Files\Microchip\xc8\v2.40\pic\sources\c90\common\ftdivl.c estimated size: 183

C:\Program Files\Microchip\xc8\v2.40\pic\sources\c90\common\Umul16.c
		___wmul        		CODE           	1A23	0000	37

C:\Program Files\Microchip\xc8\v2.40\pic\sources\c90\common\Umul16.c estimated size: 37

C:\Program Files\Microchip\xc8\v2.40\pic\sources\c90\common\lwmod.c
		___lwmod       		CODE           	1AD2	0000	58

C:\Program Files\Microchip\xc8\v2.40\pic\sources\c90\common\lwmod.c estimated size: 58

shared
		__stringtab    		STRING         	1800	0000	16
		__powers_      		STRING         	1810	0000	52
		_dpowers       		STRING         	1878	0000	40
		__npowers_     		STRING         	1844	0000	52
		__initialization		CODE           	07EB	0000	17

shared estimated size: 177

C:\Program Files\Microchip\xc8\v2.40\pic\sources\c90\common\llmod.c
		___llmod       		CODE           	1CEF	0000	84

C:\Program Files\Microchip\xc8\v2.40\pic\sources\c90\common\llmod.c estimated size: 84

C:\Program Files\Microchip\xc8\v2.40\pic\sources\c90\common\isdigit.c
		_isdigit       		CODE           	195D	0000	18

C:\Program Files\Microchip\xc8\v2.40\pic\sources\c90\common\isdigit.c estimated size: 18

C:\Program Files\Microchip\xc8\v2.40\pic\sources\c90\common\sprcadd.c
		___flsub       		CODE           	19FF	0000	36
		___fladd       		CODE           	15A8	0000	600

C:\Program Files\Microchip\xc8\v2.40\pic\sources\c90\common\sprcadd.c estimated size: 636

DS3231.c
		_leer_min      		CODE           	1B48	0000	61
		_convertir     		CODE           	199E	0000	27
		_leer_sec      		CODE           	1B0C	0000	60

DS3231.c estimated size: 148

C:\Program Files\Microchip\xc8\v2.40\pic\sources\c90\common\awmod.c
		___awmod       		CODE           	1D43	0000	89

C:\Program Files\Microchip\xc8\v2.40\pic\sources\c90\common\awmod.c estimated size: 89

C:\Program Files\Microchip\xc8\v2.40\pic\sources\c90\common\flge.c
		___flge        		CODE           	0803	0000	162

C:\Program Files\Microchip\xc8\v2.40\pic\sources\c90\common\flge.c estimated size: 162

main.c
		_main          		CODE           	1004	0000	454
		_portsetup     		CODE           	19DB	0000	36

main.c estimated size: 490

C:\Program Files\Microchip\xc8\v2.40\pic\sources\c90\common\fldivl.c
		__div_to_l_    		CODE           	00F3	0000	184

C:\Program Files\Microchip\xc8\v2.40\pic\sources\c90\common\fldivl.c estimated size: 184

C:\Program Files\Microchip\xc8\v2.40\pic\sources\c90\common\lwdiv.c
		___lwdiv       		CODE           	1BC7	0000	68

C:\Program Files\Microchip\xc8\v2.40\pic\sources\c90\common\lwdiv.c estimated size: 68

C:\Program Files\Microchip\xc8\v2.40\pic\sources\c90\common\xxtofl.c
		___xxtofl      		CODE           	003B	0000	184

C:\Program Files\Microchip\xc8\v2.40\pic\sources\c90\common\xxtofl.c estimated size: 184

LCD.c
		_Lcd_Write_String		CODE           	1B85	0000	66
		_Lcd_Init      		CODE           	1D9C	0000	93
		_Lcd_Write_Char		CODE           	1A9D	0000	53
		_Lcd_Cmd       		CODE           	1984	0000	26
		_Lcd_Set_Cursor		CODE           	1C0B	0000	70
		_Lcd_Clear     		CODE           	1943	0000	13
		_Lcd_Port      		CODE           	19B9	0000	34

LCD.c estimated size: 355

